// Jest Snapshot v1, https://goo.gl/fbAQLP

exports[`Experiment matches the snapshot 1`] = `null`;
