// Jest Snapshot v1, https://goo.gl/fbAQLP

exports[`GoogleAnalytics env = development matches the snapshot 1`] = `null`;

exports[`GoogleAnalytics env = production matches the snapshot 1`] = `
Array [
  <script
    async={true}
    src="https://www.googletagmanager.com/gtag/js?id=UA-77301580-1"
  />,
  <script
    dangerouslySetInnerHTML={
      Object {
        "__html": "
            window.dataLayer = window.dataLayer || [];
            function gtag(){dataLayer.push(arguments);}
            gtag('js', new Date());

            gtag('config', 'UA-77301580-1', { 'optimize_id': 'GTM-TD486C3'});
          ",
      }
    }
  />,
  <style
    dangerouslySetInnerHTML={
      Object {
        "__html": ".async-hide { opacity: 0 !important} ",
      }
    }
  />,
  <script
    dangerouslySetInnerHTML={
      Object {
        "__html": "(function(a,s,y,n,c,h,i,d,e){s.className+=' '+y;h.start=1*new Date;
h.end=i=function(){s.className=s.className.replace(RegExp(' ?'+y),'')};
(a[n]=a[n]||[]).hide=h;setTimeout(function(){i();h.end=null},c);h.timeout=c;
})(window,document.documentElement,'async-hide','dataLayer',4000,
{'OPT_CONTAINER_ID':true});",
      }
    }
  />,
]
`;
